[
    "Cobra-Neptune",
    "Cobra-Saturn",
    "Cobra-Uranus",
    "Cobra-Venus",
    "Viper-Earth",
    "Viper-Jupiter",
    "Viper-Mars",
    "Remnant-Supergiant-Mole-Earth",
    "Remnant-Supergiant-Mole-Jupiter",
    "Remnant-Supergiant-Mole-Mars",
    "Remnant-Supergiant-Mole-Mercury",
    "Remnant-Supergiant-Mole-Neptune",
    "Remnant-Supergiant-Mole-Saturn",
    "Remnant-Supergiant-Mole-Uranus",
    "Reddwarf-Wombat-Earth",
    "Reddwarf-Wombat-Jupiter",
    "Reddwarf-Wombat-Mars",
    "Reddwarf-Wombat-Mercury",
    "Reddwarf-Wombat-Neptune",
    "Reddwarf-Wombat-Saturn",
    "Reddwarf-Wombat-Uranus",
    "Blue-Remnant-Reddwarf-Gnat-Mars",
    "Blue-Remnant-Reddwarf-Gnat-Mercury",
    "Blue-Remnant-Reddwarf-Gnat-Neptune",
    "Blue-Remnant-Reddwarf-Gnat-Saturn",
    "Blue-Remnant-Reddwarf-Gnat-Uranus",
    "Blue-Remnant-Reddwarf-Gnat-Venus",
    "Blue-Remnant-Reddwarf-Louse-Earth"
]
