[
    "COBRA-NEPTUNE",
    "COBRA-SATURN",
    "COBRA-URANUS",
    "COBRA-VENUS",
    "VIPER-EARTH",
    "VIPER-JUPITER",
    "VIPER-MARS",
    "REMNANT-SUPERGIANT-MOLE-EARTH",
    "REMNANT-SUPERGIANT-MOLE-JUPITER",
    "REMNANT-SUPERGIANT-MOLE-MARS",
    "REMNANT-SUPERGIANT-MOLE-MERCURY",
    "REMNANT-SUPERGIANT-MOLE-NEPTUNE",
    "REMNANT-SUPERGIANT-MOLE-SATURN",
    "REMNANT-SUPERGIANT-MOLE-URANUS",
    "REDDWARF-WOMBAT-EARTH",
    "REDDWARF-WOMBAT-JUPITER",
    "REDDWARF-WOMBAT-MARS",
    "REDDWARF-WOMBAT-MERCURY",
    "REDDWARF-WOMBAT-NEPTUNE",
    "REDDWARF-WOMBAT-SATURN",
    "REDDWARF-WOMBAT-URANUS",
    "BLUE-REMNANT-REDDWARF-GNAT-MARS",
    "BLUE-REMNANT-REDDWARF-GNAT-MERCURY",
    "BLUE-REMNANT-REDDWARF-GNAT-NEPTUNE",
    "BLUE-REMNANT-REDDWARF-GNAT-SATURN",
    "BLUE-REMNANT-REDDWARF-GNAT-URANUS",
    "BLUE-REMNANT-REDDWARF-GNAT-VENUS",
    "BLUE-REMNANT-REDDWARF-LOUSE-EARTH"
]
