[
    "cobra-neptune",
    "cobra-saturn",
    "cobra-uranus",
    "cobra-venus",
    "viper-earth",
    "viper-jupiter",
    "viper-mars",
    "remnant-supergiant-mole-earth",
    "remnant-supergiant-mole-jupiter",
    "remnant-supergiant-mole-mars",
    "remnant-supergiant-mole-mercury",
    "remnant-supergiant-mole-neptune",
    "remnant-supergiant-mole-saturn",
    "remnant-supergiant-mole-uranus",
    "reddwarf-wombat-earth",
    "reddwarf-wombat-jupiter",
    "reddwarf-wombat-mars",
    "reddwarf-wombat-mercury",
    "reddwarf-wombat-neptune",
    "reddwarf-wombat-saturn",
    "reddwarf-wombat-uranus",
    "blue-remnant-reddwarf-gnat-mars",
    "blue-remnant-reddwarf-gnat-mercury",
    "blue-remnant-reddwarf-gnat-neptune",
    "blue-remnant-reddwarf-gnat-saturn",
    "blue-remnant-reddwarf-gnat-uranus",
    "blue-remnant-reddwarf-gnat-venus",
    "blue-remnant-reddwarf-louse-earth"
]
