[
    "Eccentric_Satellite_Vast_Brown_Remnant_Hypergiant_Venus_Milkyway",
    "Eccentric_Satellite_Vast_Brown_Remnant_Hypergiant_Venus_Hong",
    "Comet_Vast_Gravity_Red_Remnant_Hypergiant_Eris_Cigar",
    "Comet_Vast_Gravity_Red_Remnant_Hypergiant_Eris_Bode",
    "Darkmatter_Umbra_Cosmic_Yellow_Remnant_Hypergiant_Neptune_Hong",
    "Darkmatter_Umbra_Cosmic_Yellow_Remnant_Hypergiant_Neptune_Cigar",
    "Atmosphere_Waxing_Phase_Brown_Remnant_Browndwarf_Quaoar_Bode",
    "Atmosphere_Waxing_Phase_Brown_Remnant_Browndwarf_Quaoar_Backward",
    "Docking_Solar_Astronaut_Red_Remnant_Hypergiant_Saturn_Andromeda",
    "Docking_Solar_Astronaut_Red_Remnant_Hypergiant_Quaoar_Tadpole",
    "Bolometer_Waning_Lodestar_Yellow_Remnant_Browndwarf_Uranus_Sombrero",
    "Bolometer_Waning_Lodestar_Yellow_Remnant_Browndwarf_Uranus_Pinwheel",
    "Cosmonaut_Universe_Eccentric_Brown_Remnant_Hypergiant_Jupiter_Tadpole"
]
