[
    "Eccentric_Rocket_Doppler_Blue_Old_Reddwarf_Uranus_Milkyway",
    "Eccentric_Rocket_Doppler_Blue_Old_Reddwarf_Uranus_Hong",
    "Comet_Umbra_Rings_Orange_Old_Reddwarf_Earth_Cigar",
    "Comet_Umbra_Rings_Orange_Old_Reddwarf_Earth_Bode",
    "Darkmatter_Singularity_Ionosphere_White_Old_Reddwarf_Mercury_Hong",
    "Darkmatter_Singularity_Ionosphere_White_Old_Reddwarf_Mercury_Cigar",
    "Atmosphere_Waning_Blackhole_Blue_Old_Hypergiant_Pluto_Bode",
    "Atmosphere_Waning_Blackhole_Blue_Old_Hypergiant_Pluto_Backward",
    "Docking_Satellite_Geospace_Orange_Old_Reddwarf_Quaoar_Andromeda",
    "Docking_Satellite_Geospace_Orange_Old_Reddwarf_Pluto_Tadpole",
    "Bolometer_Universe_Waxing_White_Old_Hypergiant_Sedna_Sombrero",
    "Bolometer_Universe_Waxing_White_Old_Hypergiant_Sedna_Pinwheel",
    "Cosmonaut_Solar_Orb_Blue_Old_Reddwarf_Haumea_Tadpole"
]
