[
    "Eccentric_Satellite_Vast_Orange_Birth_Browndwarf_Pluto_Cigar",
    "Eccentric_Satellite_Vast_Orange_Birth_Browndwarf_Pluto_Bode",
    "Comet_Vast_Gravity_White_Birth_Brightgiant_Sedna_Backward",
    "Comet_Vast_Gravity_White_Birth_Brightgiant_Sedna_Andromeda",
    "Darkmatter_Umbra_Cosmonaut_Blue_Birth_Browndwarf_Haumea_Bode",
    "Darkmatter_Umbra_Cosmonaut_Blue_Birth_Browndwarf_Haumea_Backward",
    "Atmosphere_Waxing_Phase_Orange_Birth_Brightgiant_Mars_Andromeda",
    "Atmosphere_Waxing_Phase_Orange_Birth_Brightgiant_Makemake_Tadpole",
    "Docking_Solar_Astronaut_White_Birth_Browndwarf_Mars_Sombrero",
    "Docking_Solar_Astronaut_White_Birth_Browndwarf_Mars_Pinwheel",
    "Bolometer_Waning_Lunar_Blue_Birth_Brightgiant_Orcus_Milkyway",
    "Bolometer_Waning_Lunar_Blue_Birth_Brightgiant_Orcus_Hong",
    "Cosmonaut_Universe_Eccentric_Orange_Birth_Browndwarf_Ceres_Pinwheel",
    "Cosmonaut_Universe_Eccentric_Orange_Birth_Browndwarf_Ceres_Milkyway",
    "Apogee_Wormhole_Satellite_White_Birth_Brightgiant_Gonggong_Hong",
    "Apogee_Wormhole_Satellite_White_Birth_Brightgiant_Gonggong_Cigar",
    "Dust_Equinox_Inertia_Blue_Birth_Browndwarf_Neptune_Milkyway",
    "Dust_Equinox_Inertia_Blue_Birth_Browndwarf_Neptune_Hong",
    "Cluster_Geostationary_Apogee_Orange_Birth_Brightgiant_Quaoar_Cigar",
    "Cluster_Geostationary_Apogee_Orange_Birth_Brightgiant_Quaoar_Bode",
    "Crater_Flare_Pulsar_White_Birth_Browndwarf_Eris_Hong",
    "Crater_Flare_Pulsar_White_Birth_Browndwarf_Eris_Cigar",
    "Astronaut_Heavenlybody_Doppler_Blue_Birth_Brightgiant_Jupiter_Bode",
    "Astronaut_Heavenlybody_Doppler_Blue_Birth_Brightgiant_Jupiter_Backward",
    "Discovery_Exoplanet_Mass_Orange_Birth_Browndwarf_Makemake_Andromeda"
]
